﻿[36mvite v7.2.7 [32mbuilding client environment for production...[36m[39m
transforming...
[32mΓ£ô[39m 33 modules transformed.
node.exe : [31mΓ£ù[39m Build 
failed in 1.26s
At line:1 char:1
+ & "C:\Program 
Files\nodejs/node.exe" "C:\Program 
Files\nodejs/node_mo ...
+ ~~~~~~~~~~~~~~~~~~~~~~~~~~~~~~~~~
~~~~~~~~~~~~~~~~~~~~~~~~~~~~~~~~~~~
~
    + CategoryInfo          : NotS 
   pecified: ([31mΓ£ù[39m Build  
   failed in 1.26s:String) [], R   
 emoteException
    + FullyQualifiedErrorId : Nati 
   veCommandError
 
[31merror during build:
[31mCould not resolve 
"../utils/logger" from "src/pages/S
pgUser/DailyWork.jsx"[31m
file: [36mC:/Users/nitesh 
kumar/Desktop/RBA Javascript/Fronte
nd-main/Frontend-main/src/pages/Spg
User/DailyWork.jsx[31m
    at getRollupError (file:///C:/U
sers/nitesh%20kumar/Desktop/RBA%20J
avascript/Frontend-main/Frontend-ma
in/node_modules/rollup/dist/es/shar
ed/parseAst.js:401:41)
    at error (file:///C:/Users/nite
sh%20kumar/Desktop/RBA%20Javascript
/Frontend-main/Frontend-main/node_m
odules/rollup/dist/es/shared/parseA
st.js:397:42)
    at ModuleLoader.handleInvalidRe
solvedId (file:///C:/Users/nitesh%2
0kumar/Desktop/RBA%20Javascript/Fro
ntend-main/Frontend-main/node_modul
es/rollup/dist/es/shared/node-entry
.js:21590:24)
    at file:///C:/Users/nitesh%20ku
mar/Desktop/RBA%20Javascript/Fronte
nd-main/Frontend-main/node_modules/
rollup/dist/es/shared/node-entry.js
:21550:26[39m
